andit22@bandit:~$ ls
bandit22@bandit:~$ ls -la
total 20
drwxr-xr-x  2 root root 4096 Oct 16  2018 .
drwxr-xr-x 41 root root 4096 Oct 16  2018 ..
-rw-r--r--  1 root root  220 May 15  2017 .bash_logout
-rw-r--r--  1 root root 3526 May 15  2017 .bashrc
-rw-r--r--  1 root root  675 May 15  2017 .profile
bandit22@bandit:~$ cd /etc/cron.d
bandit22@bandit:/etc/cron.d$ ls
atop  cronjob_bandit22  cronjob_bandit23  cronjob_bandit24
bandit22@bandit:/etc/cron.d$ cat cronjob_bandit23
@reboot bandit23 /usr/bin/cronjob_bandit23.sh  &> /dev/null
* * * * * bandit23 /usr/bin/cronjob_bandit23.sh  &> /dev/null
bandit22@bandit:/etc/cron.d$ cat /usr/bin/cronjob_bandit23.sh
#!/bin/bash

myname=$(whoami)
mytarget=$(echo I am user $myname | md5sum | cut -d ' ' -f 1)

echo "Copying passwordfile /etc/bandit_pass/$myname to /tmp/$mytarget"

cat /etc/bandit_pass/$myname > /tmp/$mytarget
bandit22@bandit:/etc/cron.d$ l=$(echo I am user bandit23 | md5sum | sut -d ' ' -f 1)
-bash: sut: command not found
bandit22@bandit:/etc/cron.d$ l=$(echo I am user bandit23 | md5sum | cut -d ' ' -f 1)
bandit22@bandit:/etc/cron.d$ $l
-bash: 8ca319486bfbbc3663ea0fbe81326349: command not found
bandit22@bandit:/etc/cron.d$ echo $l
8ca319486bfbbc3663ea0fbe81326349
bandit22@bandit:/etc/cron.d$ l=$(echo I am user bandit23 | md5sum )
bandit22@bandit:/etc/cron.d$ echo $l
8ca319486bfbbc3663ea0fbe81326349 -
bandit22@bandit:/etc/cron.d$ cat /tmp/$l
jc1udXuA1tiHqjIsL8yaapX5XIAI6i0n
^C
bandit22@bandit:/etc/cron.d$ l=$(echo I am user bandit23 | md5sum | cut -d ' ' -f 1)
bandit22@bandit:/etc/cron.d$ cat /tmp/$l
jc1udXuA1tiHqjIsL8yaapX5XIAI6i0n
bandit22@bandit:/etc/cron.d$ 

